Fri Jul  3 15:10:02 UTC 2026: Changes detected. Pulling...
From https://github.com/hclperera/Infox_Backend
 * branch            master     -> FETCH_HEAD
Already up to date.
Requirement already satisfied: annotated-doc==0.0.4 in ./venv/lib/python3.12/site-packages (from -r requirements.txt (line 1)) (0.0.4)
Requirement already satisfied: annotated-types==0.7.0 in ./venv/lib/python3.12/site-packages (from -r requirements.txt (line 2)) (0.7.0)
Requirement already satisfied: anyio==4.14.1 in ./venv/lib/python3.12/site-packages (from -r requirements.txt (line 3)) (4.14.1)
Requirement already satisfied: bcrypt==3.2.2 in ./venv/lib/python3.12/site-packages (from -r requirements.txt (line 4)) (3.2.2)
Requirement already satisfied: cffi==2.0.0 in ./venv/lib/python3.12/site-packages (from -r requirements.txt (line 5)) (2.0.0)
Requirement already satisfied: click==8.4.2 in ./venv/lib/python3.12/site-packages (from -r requirements.txt (line 6)) (8.4.2)
Requirement already satisfied: fastapi==0.138.2 in ./venv/lib/python3.12/site-packages (from -r requirements.txt (line 7)) (0.138.2)
Requirement already satisfied: h11==0.16.0 in ./venv/lib/python3.12/site-packages (from -r requirements.txt (line 8)) (0.16.0)
Requirement already satisfied: idna==3.18 in ./venv/lib/python3.12/site-packages (from -r requirements.txt (line 9)) (3.18)
Requirement already satisfied: mysql-connector-python==9.7.0 in ./venv/lib/python3.12/site-packages (from -r requirements.txt (line 10)) (9.7.0)
Requirement already satisfied: passlib==1.7.4 in ./venv/lib/python3.12/site-packages (from -r requirements.txt (line 11)) (1.7.4)
Requirement already satisfied: pycparser==3.0 in ./venv/lib/python3.12/site-packages (from -r requirements.txt (line 12)) (3.0)
Requirement already satisfied: pydantic==2.13.4 in ./venv/lib/python3.12/site-packages (from -r requirements.txt (line 13)) (2.13.4)
Requirement already satisfied: pydantic_core==2.46.4 in ./venv/lib/python3.12/site-packages (from -r requirements.txt (line 14)) (2.46.4)
Requirement already satisfied: python-dotenv==1.2.2 in ./venv/lib/python3.12/site-packages (from -r requirements.txt (line 15)) (1.2.2)
Requirement already satisfied: starlette==1.3.1 in ./venv/lib/python3.12/site-packages (from -r requirements.txt (line 16)) (1.3.1)
Requirement already satisfied: typing-inspection==0.4.2 in ./venv/lib/python3.12/site-packages (from -r requirements.txt (line 17)) (0.4.2)
Requirement already satisfied: typing_extensions==4.15.0 in ./venv/lib/python3.12/site-packages (from -r requirements.txt (line 18)) (4.15.0)
Requirement already satisfied: uvicorn==0.49.0 in ./venv/lib/python3.12/site-packages (from -r requirements.txt (line 19)) (0.49.0)
Fri Jul  3 15:10:04 UTC 2026: Restarting service...
Fri Jul  3 15:10:04 UTC 2026: Update complete.
remote: Invalid username or token. Password authentication is not supported for Git operations.
fatal: Authentication failed for 'https://github.com/hclperera/Infox_Backend.git/'
error: RPC failed; HTTP 500 curl 22 The requested URL returned error: 500
fatal: expected flush after ref listing
